2026-02-02 03:33:03,862 INFO Тест: логирование включено
2026-02-02 03:35:14,483 INFO Тест: логирование включено
2026-02-02 03:35:14,491 INFO 2026-02-01T20:35:14.490614 SELL user='BTC' currency='-' amount=- rate=- base=- result=OK
2026-02-02 03:35:31,299 INFO 2026-02-01T20:35:31.298694 SELL user='BTC' currency='-' amount=- rate=- base=- result=OK
2026-02-02 04:03:04,243 INFO 2026-02-01T21:03:04.243107 BUY user='BTC' currency='-' amount=- rate=- base=- result=ERROR error_type=NameError error_msg='name 'get_currency' is not defined'
2026-02-02 04:03:45,603 INFO 2026-02-01T21:03:45.602949 BUY user='BTC' currency='-' amount=- rate=- base=- result=ERROR error_type=NameError error_msg='name 'get_rate' is not defined'
2026-02-02 04:05:17,868 INFO 2026-02-01T21:05:17.867649 BUY user='BTC' currency='-' amount=- rate=- base=- result=OK
2026-02-02 04:19:23,585 INFO 2026-02-01T21:19:23.584978 SELL user='BTC' currency='-' amount=- rate=- base=- result=OK
2026-02-02 04:30:08,231 INFO 2026-02-01T21:30:08.231013 SELL user='BTC' currency='-' amount=- rate=- base=- result=ERROR error_type=ValueError error_msg='Не удалось получить курс BTC → USD'
2026-02-02 04:31:40,849 INFO 2026-02-01T21:31:40.848710 SELL user='BTC' currency='-' amount=- rate=- base=- result=ERROR error_type=ValueError error_msg='Не удалось получить курс BTC → USD'
2026-02-02 04:32:04,286 INFO 2026-02-01T21:32:04.285712 SELL user='BTC' currency='-' amount=- rate=- base=- result=ERROR error_type=ValueError error_msg='Не удалось получить курс BTC → USD'
2026-02-02 04:32:26,662 INFO 2026-02-01T21:32:26.661567 SELL user='BTC' currency='-' amount=- rate=- base=- result=ERROR error_type=ValueError error_msg='Не удалось получить курс BTC → USD'
2026-02-02 04:34:00,707 INFO 2026-02-01T21:34:00.706758 SELL user='BTC' currency='-' amount=- rate=- base=- result=ERROR error_type=ValueError error_msg='Не удалось получить курс BTC → USD'
2026-02-02 04:34:13,640 INFO 2026-02-01T21:34:13.639726 SELL user='BTC' currency='-' amount=- rate=- base=- result=ERROR error_type=ValueError error_msg='Не удалось получить курс BTC → USD'
2026-02-02 04:35:06,218 INFO 2026-02-01T21:35:06.217552 BUY user='BTC' currency='-' amount=- rate=- base=- result=ERROR error_type=ValueError error_msg='Не удалось получить курс BTC → USD'
2026-02-02 04:35:54,614 INFO 2026-02-01T21:35:54.614177 BUY user='BTC' currency='-' amount=- rate=- base=- result=ERROR error_type=ValueError error_msg='Не удалось получить курс BTC → USD'
2026-02-02 04:38:04,472 INFO 2026-02-01T21:38:04.471826 BUY user='BTC' currency='-' amount=- rate=- base=- result=ERROR error_type=ValueError error_msg='Не удалось получить курс BTC → USD'
2026-02-02 04:38:54,219 INFO 2026-02-01T21:38:54.218703 BUY user='BTC' currency='-' amount=- rate=- base=- result=OK
2026-02-02 04:49:46,984 INFO 2026-02-01T21:49:46.984526 REGISTER user='alice' currency='-' amount=- rate=- base=- result=ERROR error_type=ValueError error_msg='Имя пользователя 'alice' уже занято'
2026-02-02 04:50:01,175 INFO 2026-02-01T21:50:01.175322 LOGIN user='alice' currency='-' amount=- rate=- base=- result=OK
2026-02-02 04:50:16,149 INFO 2026-02-01T21:50:16.148754 BUY user='BTC' currency='-' amount=- rate=- base=- result=OK
2026-02-02 04:50:22,260 INFO 2026-02-01T21:50:22.259518 SELL user='BTC' currency='-' amount=- rate=- base=- result=OK
2026-02-03 06:04:41,658 INFO Starting rates update...
2026-02-03 06:04:42,177 INFO CoinGeckoClient: OK (3 rates)
2026-02-03 06:04:42,624 INFO ExchangeRateApiClient: OK (0 rates)
2026-02-03 06:04:42,626 INFO Update completed, 3 pairs updated.
2026-02-03 06:07:02,456 INFO Starting rates update...
2026-02-03 06:07:02,868 INFO CoinGeckoClient: OK (3 rates)
2026-02-03 06:07:03,283 INFO ExchangeRateApiClient: OK (0 rates)
2026-02-03 06:07:03,284 INFO Update completed, 3 pairs updated.
2026-02-03 06:24:56,844 INFO 2026-02-02T23:24:56.844033 SELL user='BTC' currency='-' amount=- rate=- base=- result=ERROR                     error_type=ValueError error_msg='Не удалось получить курс BTC → USD'
2026-02-03 06:25:47,420 INFO 2026-02-02T23:25:47.420240 SELL user='BTC' currency='-' amount=- rate=- base=- result=ERROR                     error_type=ValueError error_msg='Не удалось получить курс BTC → USD'
2026-02-03 06:26:16,215 INFO 2026-02-02T23:26:16.215316 SELL user='BTC' currency='-' amount=- rate=- base=- result=ERROR                     error_type=ValueError error_msg='Не удалось получить курс BTC → USD'
2026-02-03 06:26:56,417 INFO Starting rates update...
2026-02-03 06:26:56,821 INFO CoinGeckoClient: OK (3 rates)
2026-02-03 06:26:57,277 INFO ExchangeRateApiClient: OK (0 rates)
2026-02-03 06:26:57,280 INFO Update completed, 3 pairs updated.
2026-02-03 06:29:04,734 INFO Starting rates update...
2026-02-03 06:29:05,227 INFO CoinGeckoClient: OK (3 rates)
2026-02-03 06:29:05,662 INFO ExchangeRateApiClient: OK (0 rates)
2026-02-03 06:29:05,664 INFO Update completed, 3 pairs updated.
2026-02-03 06:29:07,411 INFO 2026-02-02T23:29:07.411647 SELL user='BTC' currency='-' amount=- rate=- base=- result=ERROR                     error_type=ValueError error_msg='Не удалось получить курс BTC → USD'
2026-02-03 06:30:41,062 INFO 2026-02-02T23:30:41.062365 SELL user='BTC' currency='-' amount=- rate=- base=- result=ERROR                     error_type=ValueError error_msg='Не удалось получить курс BTC → USD'
2026-02-03 06:31:54,878 INFO 2026-02-02T23:31:54.878468 SELL user='BTC' currency='-' amount=- rate=- base=- result=ERROR                     error_type=ValueError error_msg='Не удалось получить курс BTC → USD'
2026-02-03 06:37:09,449 INFO 2026-02-02T23:37:09.448961 SELL user='BTC' currency='-' amount=- rate=- base=- result=ERROR                     error_type=NameError error_msg='name 'rates' is not defined'
2026-02-03 06:37:13,755 INFO 2026-02-02T23:37:13.755317 SELL user='BTC' currency='-' amount=- rate=- base=- result=ERROR                     error_type=NameError error_msg='name 'rates' is not defined'
2026-02-03 06:38:56,045 INFO 2026-02-02T23:38:56.044358 SELL user='BTC' currency='-' amount=- rate=- base=- result=OK
2026-02-03 06:39:31,856 INFO 2026-02-02T23:39:31.855639 SELL user='BTC' currency='-' amount=- rate=- base=- result=OK
2026-02-03 06:39:38,925 INFO 2026-02-02T23:39:38.925075 SELL user='BTC' currency='-' amount=- rate=- base=- result=OK
